submitit INFO (2024-06-04 15:51:02,081) - Starting with JobEnvironment(job_id=629494, hostname=veuc09, local_rank=0(1), node=0(1), global_rank=0(1))
submitit INFO (2024-06-04 15:51:02,081) - Loading pickle: /home/usuaris/veu/javier.abella/TFG/test/log/629494_submitted.pkl
adding to path /home/usuaris/veu/javier.abella/TFG
Using /home/usuaris/veu/javier.abella/data/CodeGen/code_evaluation/tmp_tests_folder for temporary files.
Registered languages: {'treesitterlang': <class 'codegen_sources.preprocessing.lang_processors.tree_sitter_processor.TreeSitterLangProcessor'>, 'java': <class 'codegen_sources.preprocessing.lang_processors.java_processor.JavaProcessor'>, 'cpp': <class 'codegen_sources.preprocessing.lang_processors.cpp_processor.CppProcessor'>, 'go': <class 'codegen_sources.preprocessing.lang_processors.go_processor.GoProcessor'>, 'python': <class 'codegen_sources.preprocessing.lang_processors.python_processor.PythonProcessor'>, 'kotlin': <class 'codegen_sources.preprocessing.lang_processors.kotlin_processor.KotlinProcessor'>, 'bytecode': <class 'codegen_sources.preprocessing.lang_processors.bytecode_processor.BytecodeProcessor'>}
submitit WARNING (2024-06-04 15:51:04,515) - Bypassing signal SIGTERM
submitit INFO (2024-06-04 15:51:04,559) - Job completed successfully
submitit INFO (2024-06-04 15:51:04,560) - Exiting after successful completion
