submitit INFO (2024-06-04 15:51:06,157) - Starting with JobEnvironment(job_id=629533, hostname=veuc09, local_rank=0(1), node=0(1), global_rank=0(1))
submitit INFO (2024-06-04 15:51:06,157) - Loading pickle: /home/usuaris/veu/javier.abella/TFG/test/log/629533_submitted.pkl
submitit INFO (2024-06-04 15:51:07,207) - Job completed successfully
submitit INFO (2024-06-04 15:51:07,208) - Exiting after successful completion
