submitit INFO (2024-06-04 15:51:09,091) - Starting with JobEnvironment(job_id=629539, hostname=veuc09, local_rank=0(1), node=0(1), global_rank=0(1))
submitit INFO (2024-06-04 15:51:09,091) - Loading pickle: /home/usuaris/veu/javier.abella/TFG/test/log/629539_submitted.pkl
submitit INFO (2024-06-04 15:51:13,812) - Job completed successfully
submitit INFO (2024-06-04 15:51:13,813) - Exiting after successful completion
