submitit INFO (2024-06-04 15:51:08,442) - Starting with JobEnvironment(job_id=629537, hostname=veuc09, local_rank=0(1), node=0(1), global_rank=0(1))
submitit INFO (2024-06-04 15:51:08,442) - Loading pickle: /home/usuaris/veu/javier.abella/TFG/test/log/629537_submitted.pkl
submitit INFO (2024-06-04 15:51:13,004) - Job completed successfully
submitit INFO (2024-06-04 15:51:13,005) - Exiting after successful completion
