submitit INFO (2024-06-04 15:51:20,288) - Starting with JobEnvironment(job_id=629643, hostname=veuc09, local_rank=0(1), node=0(1), global_rank=0(1))
submitit INFO (2024-06-04 15:51:20,289) - Loading pickle: /home/usuaris/veu/javier.abella/TFG/test/log/629643_submitted.pkl
Saving the data to /home/usuaris/veu/javier.abella/TFG/test/java.valid.sa.bpe.pth ...
submitit INFO (2024-06-04 15:51:23,669) - Job completed successfully
submitit INFO (2024-06-04 15:51:23,671) - Exiting after successful completion
