submitit INFO (2024-06-04 15:51:21,262) - Starting with JobEnvironment(job_id=629648, hostname=veuc09, local_rank=0(1), node=0(1), global_rank=0(1))
submitit INFO (2024-06-04 15:51:21,262) - Loading pickle: /home/usuaris/veu/javier.abella/TFG/test/log/629648_submitted.pkl
Saving the data to /home/usuaris/veu/javier.abella/TFG/test/java.test.sa.bpe.pth ...
submitit INFO (2024-06-04 15:51:24,313) - Job completed successfully
submitit INFO (2024-06-04 15:51:24,314) - Exiting after successful completion
