submitit INFO (2024-06-04 15:51:18,522) - Starting with JobEnvironment(job_id=629638, hostname=veuc09, local_rank=0(1), node=0(1), global_rank=0(1))
submitit INFO (2024-06-04 15:51:18,522) - Loading pickle: /home/usuaris/veu/javier.abella/TFG/test/log/629638_submitted.pkl
Saving the data to /home/usuaris/veu/javier.abella/TFG/test/java.train.cl.0.bpe.pth ...
submitit INFO (2024-06-04 15:51:21,672) - Job completed successfully
submitit INFO (2024-06-04 15:51:21,673) - Exiting after successful completion
