submitit INFO (2024-06-04 15:51:19,939) - Starting with JobEnvironment(job_id=629642, hostname=veuc09, local_rank=0(1), node=0(1), global_rank=0(1))
submitit INFO (2024-06-04 15:51:19,940) - Loading pickle: /home/usuaris/veu/javier.abella/TFG/test/log/629642_submitted.pkl
Saving the data to /home/usuaris/veu/javier.abella/TFG/test/java.train.sa.0.bpe.pth ...
submitit INFO (2024-06-04 15:51:23,304) - Job completed successfully
submitit INFO (2024-06-04 15:51:23,308) - Exiting after successful completion
